
📊 Memory Statistics:

📊 Memory Statistics:
  ┌─────────────────────────────────────────────────────────┐
  │ Memory Operations                                       │
  ├─────────────────────────────────────────────────────────┤
  │ Allocations:               3                                │
  │ Deallocations:             2                                │
  │ Peak Memory:              48 bytes                          │
  │ Current Memory:           16 bytes                          │
  │ Memory Leaks:              1                                │
  ├─────────────────────────────────────────────────────────┤
  │ CljObject Operations                                    │
  ├─────────────────────────────────────────────────────────┤
  │ Object Creations:          3                                │
  │ Object Destructions:        2                              │
  │ retain() calls:            0                                │
  │ release() calls:           2                                │
  │ autorelease() calls:       0                              │
  └─────────────────────────────────────────────────────────┘

📋 Object Type Breakdown:
  ┌─────────────────────────────────────────────────────────┐
  │ Type                │ Allocations │ Deallocations │ Leaks │
  ├─────────────────────────────────────────────────────────┤
  │ FLOAT              │          1 │            0 │     1 │
  │ WEAK_VECTOR        │          0 │            2 │     0 │
  ├─────────────────────────────────────────────────────────┤
  │ TOTAL              │          3 │            2 │     1 │
  └─────────────────────────────────────────────────────────┘
  📈 Retention Ratio: 0.00 (retain calls per allocation)
  📈 Deallocation Ratio: 0.67 (deallocations per allocation)

🚨 CRITICAL MEMORY LEAK DETECTED!
   ┌─────────────────────────────────────────────────────────┐
   │ LEAK ALERT: 1 allocations not freed!                    │
   │ Current Memory Usage: 16 bytes                         │
   │ Peak Memory Usage: 48 bytes                             │
   └─────────────────────────────────────────────────────────┘
   ⚠️  This indicates potential memory management issues!
   ⚠️  Check for missing RELEASE() calls or incorrect lifecycle management.

🚨 MEMORY LEAK DETECTED at Test Complete:
   ┌─────────────────────────────────────────────────────────┐
   │ LEAK SUMMARY                                            │
   ├─────────────────────────────────────────────────────────┤
   │ Total Leaks:                 1 allocations                    │
   │ Current Memory:             16 bytes                         │
   │ Peak Memory:               48 bytes                         │
   │ Allocations:                 3                               │
   │ Deallocations:               2                               │
   └─────────────────────────────────────────────────────────┘

🔍 LEAK BREAKDOWN BY OBJECT TYPE:
   ┌─────────────────────────────────────────────────────────┐
   │ Type                │ Allocations │ Deallocations │ Leaks │
   ├─────────────────────────────────────────────────────────┤
   │ FLOAT              │          1 │            0 │     1 │
   ├─────────────────────────────────────────────────────────┤
   │ TOTAL              │          3 │            2 │     1 │
   └─────────────────────────────────────────────────────────┘

⚠️  CRITICAL: 1 memory leaks detected! Objects were not properly freed.
   This indicates potential memory management issues in the code.
   Check for missing RELEASE() calls or incorrect object lifecycle management.

⚠️  Memory Profiler: 1 potential memory leaks detected!
/Users/theisen/Projects/tiny-clj/src/tests/unity_test_runner.c:63:test_memory_allocation:PASS

📊 Memory Statistics:

📊 Memory Statistics:
  ┌─────────────────────────────────────────────────────────┐
  │ Memory Operations                                       │
  ├─────────────────────────────────────────────────────────┤
  │ Allocations:               1                                │
  │ Deallocations:             2                                │
  │ Peak Memory:              16 bytes                          │
  │ Current Memory:            0 bytes                          │
  │ Memory Leaks:              0                                │
  ├─────────────────────────────────────────────────────────┤
  │ CljObject Operations                                    │
  ├─────────────────────────────────────────────────────────┤
  │ Object Creations:          1                                │
  │ Object Destructions:        2                              │
  │ retain() calls:            1                                │
  │ release() calls:           3                                │
  │ autorelease() calls:       0                              │
  └─────────────────────────────────────────────────────────┘

📋 Object Type Breakdown:
  ┌─────────────────────────────────────────────────────────┐
  │ Type                │ Allocations │ Deallocations │ Leaks │
  ├─────────────────────────────────────────────────────────┤
  │ WEAK_VECTOR        │          0 │            2 │     0 │
  ├─────────────────────────────────────────────────────────┤
  │ TOTAL              │          1 │            2 │     0 │
  └─────────────────────────────────────────────────────────┘
  📈 Retention Ratio: 1.00 (retain calls per allocation)
  📈 Deallocation Ratio: 2.00 (deallocations per allocation)

✅ MEMORY CLEAN: All allocations properly freed at Test Complete
/Users/theisen/Projects/tiny-clj/src/tests/unity_test_runner.c:64:test_memory_deallocation:PASS

📊 Memory Statistics:

📊 Memory Statistics:
  ┌─────────────────────────────────────────────────────────┐
  │ Memory Operations                                       │
  ├─────────────────────────────────────────────────────────┤
  │ Allocations:              10                                │
  │ Deallocations:             2                                │
  │ Peak Memory:             160 bytes                          │
  │ Current Memory:          128 bytes                          │
  │ Memory Leaks:              8                                │
  ├─────────────────────────────────────────────────────────┤
  │ CljObject Operations                                    │
  ├─────────────────────────────────────────────────────────┤
  │ Object Creations:         10                                │
  │ Object Destructions:        2                              │
  │ retain() calls:            0                                │
  │ release() calls:           2                                │
  │ autorelease() calls:       0                              │
  └─────────────────────────────────────────────────────────┘

📋 Object Type Breakdown:
  ┌─────────────────────────────────────────────────────────┐
  │ Type                │ Allocations │ Deallocations │ Leaks │
  ├─────────────────────────────────────────────────────────┤
  │ WEAK_VECTOR        │          0 │            2 │     0 │
  ├─────────────────────────────────────────────────────────┤
  │ TOTAL              │         10 │            2 │     0 │
  └─────────────────────────────────────────────────────────┘
  📈 Retention Ratio: 0.00 (retain calls per allocation)
  📈 Deallocation Ratio: 0.20 (deallocations per allocation)

🚨 CRITICAL MEMORY LEAK DETECTED!
   ┌─────────────────────────────────────────────────────────┐
   │ LEAK ALERT: 8 allocations not freed!                    │
   │ Current Memory Usage: 128 bytes                         │
   │ Peak Memory Usage: 160 bytes                             │
   └─────────────────────────────────────────────────────────┘
   ⚠️  This indicates potential memory management issues!
   ⚠️  Check for missing RELEASE() calls or incorrect lifecycle management.

🚨 MEMORY LEAK DETECTED at Test Complete:
   ┌─────────────────────────────────────────────────────────┐
   │ LEAK SUMMARY                                            │
   ├─────────────────────────────────────────────────────────┤
   │ Total Leaks:                 8 allocations                    │
   │ Current Memory:            128 bytes                         │
   │ Peak Memory:              160 bytes                         │
   │ Allocations:                10                               │
   │ Deallocations:               2                               │
   └─────────────────────────────────────────────────────────┘

🔍 LEAK BREAKDOWN BY OBJECT TYPE:
   ┌─────────────────────────────────────────────────────────┐
   │ Type                │ Allocations │ Deallocations │ Leaks │
   ├─────────────────────────────────────────────────────────┤
   ├─────────────────────────────────────────────────────────┤
   │ TOTAL              │         10 │            2 │     0 │
   └─────────────────────────────────────────────────────────┘

⚠️  CRITICAL: 8 memory leaks detected! Objects were not properly freed.
   This indicates potential memory management issues in the code.
   Check for missing RELEASE() calls or incorrect object lifecycle management.

⚠️  Memory Profiler: 8 potential memory leaks detected!
/Users/theisen/Projects/tiny-clj/src/tests/unity_test_runner.c:65:test_memory_leak_detection:PASS

📊 Memory Statistics:

📊 Memory Statistics:
  ┌─────────────────────────────────────────────────────────┐
  │ Memory Operations                                       │
  ├─────────────────────────────────────────────────────────┤
  │ Allocations:               5                                │
  │ Deallocations:             2                                │
  │ Peak Memory:              80 bytes                          │
  │ Current Memory:           48 bytes                          │
  │ Memory Leaks:              3                                │
  ├─────────────────────────────────────────────────────────┤
  │ CljObject Operations                                    │
  ├─────────────────────────────────────────────────────────┤
  │ Object Creations:          5                                │
  │ Object Destructions:        2                              │
  │ retain() calls:            0                                │
  │ release() calls:           2                                │
  │ autorelease() calls:       0                              │
  └─────────────────────────────────────────────────────────┘

📋 Object Type Breakdown:
  ┌─────────────────────────────────────────────────────────┐
  │ Type                │ Allocations │ Deallocations │ Leaks │
  ├─────────────────────────────────────────────────────────┤
  │ WEAK_VECTOR        │          0 │            2 │     0 │
  ├─────────────────────────────────────────────────────────┤
  │ TOTAL              │          5 │            2 │     0 │
  └─────────────────────────────────────────────────────────┘
  📈 Retention Ratio: 0.00 (retain calls per allocation)
  📈 Deallocation Ratio: 0.40 (deallocations per allocation)

🚨 CRITICAL MEMORY LEAK DETECTED!
   ┌─────────────────────────────────────────────────────────┐
   │ LEAK ALERT: 3 allocations not freed!                    │
   │ Current Memory Usage: 48 bytes                         │
   │ Peak Memory Usage: 80 bytes                             │
   └─────────────────────────────────────────────────────────┘
   ⚠️  This indicates potential memory management issues!
   ⚠️  Check for missing RELEASE() calls or incorrect lifecycle management.

🚨 MEMORY LEAK DETECTED at Test Complete:
   ┌─────────────────────────────────────────────────────────┐
   │ LEAK SUMMARY                                            │
   ├─────────────────────────────────────────────────────────┤
   │ Total Leaks:                 3 allocations                    │
   │ Current Memory:             48 bytes                         │
   │ Peak Memory:               80 bytes                         │
   │ Allocations:                 5                               │
   │ Deallocations:               2                               │
   └─────────────────────────────────────────────────────────┘

🔍 LEAK BREAKDOWN BY OBJECT TYPE:
   ┌─────────────────────────────────────────────────────────┐
   │ Type                │ Allocations │ Deallocations │ Leaks │
   ├─────────────────────────────────────────────────────────┤
   ├─────────────────────────────────────────────────────────┤
   │ TOTAL              │          5 │            2 │     0 │
   └─────────────────────────────────────────────────────────┘

⚠️  CRITICAL: 3 memory leaks detected! Objects were not properly freed.
   This indicates potential memory management issues in the code.
   Check for missing RELEASE() calls or incorrect object lifecycle management.

⚠️  Memory Profiler: 3 potential memory leaks detected!
/Users/theisen/Projects/tiny-clj/src/tests/unity_test_runner.c:66:test_vector_memory:PASS

📊 Memory Statistics:

📊 Memory Statistics:
  ┌─────────────────────────────────────────────────────────┐
  │ Memory Operations                                       │
  ├─────────────────────────────────────────────────────────┤
  │ Allocations:               5                                │
  │ Deallocations:             2                                │
  │ Peak Memory:              80 bytes                          │
  │ Current Memory:           48 bytes                          │
  │ Memory Leaks:              3                                │
  ├─────────────────────────────────────────────────────────┤
  │ CljObject Operations                                    │
  ├─────────────────────────────────────────────────────────┤
  │ Object Creations:          5                                │
  │ Object Destructions:        2                              │
  │ retain() calls:            0                                │
  │ release() calls:           2                                │
  │ autorelease() calls:       0                              │
  └─────────────────────────────────────────────────────────┘

📋 Object Type Breakdown:
  ┌─────────────────────────────────────────────────────────┐
  │ Type                │ Allocations │ Deallocations │ Leaks │
  ├─────────────────────────────────────────────────────────┤
  │ WEAK_VECTOR        │          0 │            2 │     0 │
  ├─────────────────────────────────────────────────────────┤
  │ TOTAL              │          5 │            2 │     0 │
  └─────────────────────────────────────────────────────────┘
  📈 Retention Ratio: 0.00 (retain calls per allocation)
  📈 Deallocation Ratio: 0.40 (deallocations per allocation)

🚨 CRITICAL MEMORY LEAK DETECTED!
   ┌─────────────────────────────────────────────────────────┐
   │ LEAK ALERT: 3 allocations not freed!                    │
   │ Current Memory Usage: 48 bytes                         │
   │ Peak Memory Usage: 80 bytes                             │
   └─────────────────────────────────────────────────────────┘
   ⚠️  This indicates potential memory management issues!
   ⚠️  Check for missing RELEASE() calls or incorrect lifecycle management.

🚨 MEMORY LEAK DETECTED at Test Complete:
   ┌─────────────────────────────────────────────────────────┐
   │ LEAK SUMMARY                                            │
   ├─────────────────────────────────────────────────────────┤
   │ Total Leaks:                 3 allocations                    │
   │ Current Memory:             48 bytes                         │
   │ Peak Memory:               80 bytes                         │
   │ Allocations:                 5                               │
   │ Deallocations:               2                               │
   └─────────────────────────────────────────────────────────┘

🔍 LEAK BREAKDOWN BY OBJECT TYPE:
   ┌─────────────────────────────────────────────────────────┐
   │ Type                │ Allocations │ Deallocations │ Leaks │
   ├─────────────────────────────────────────────────────────┤
   ├─────────────────────────────────────────────────────────┤
   │ TOTAL              │          5 │            2 │     0 │
   └─────────────────────────────────────────────────────────┘

⚠️  CRITICAL: 3 memory leaks detected! Objects were not properly freed.
   This indicates potential memory management issues in the code.
   Check for missing RELEASE() calls or incorrect object lifecycle management.

⚠️  Memory Profiler: 3 potential memory leaks detected!
/Users/theisen/Projects/tiny-clj/src/tests/unity_test_runner.c:66:test_vector_memory:PASS
⚠️  WARNING: Potential double-free detected! Object destructions (6) significantly exceed allocations (3).

📊 Memory Statistics:

📊 Memory Statistics:
  ┌─────────────────────────────────────────────────────────┐
  │ Memory Operations                                       │
  ├─────────────────────────────────────────────────────────┤
  │ Allocations:               3                                │
  │ Deallocations:             6                                │
  │ Peak Memory:              48 bytes                          │
  │ Current Memory:            0 bytes                          │
  │ Memory Leaks:              0                                │
  ├─────────────────────────────────────────────────────────┤
  │ CljObject Operations                                    │
  ├─────────────────────────────────────────────────────────┤
  │ Object Creations:          3                                │
  │ Object Destructions:        6                              │
  │ retain() calls:            0                                │
  │ release() calls:           6                                │
  │ autorelease() calls:       6                              │
  └─────────────────────────────────────────────────────────┘

📋 Object Type Breakdown:
  ┌─────────────────────────────────────────────────────────┐
  │ Type                │ Allocations │ Deallocations │ Leaks │
  ├─────────────────────────────────────────────────────────┤
  │ INT                │          0 │            1 │     0 │
  │ FLOAT              │          1 │            1 │     0 │
  │ STRING             │          0 │            1 │     0 │
  │ WEAK_VECTOR        │          0 │            3 │     0 │
  ├─────────────────────────────────────────────────────────┤
  │ TOTAL              │          3 │            6 │     0 │
  └─────────────────────────────────────────────────────────┘
  📈 Retention Ratio: 0.00 (retain calls per allocation)
  📈 Deallocation Ratio: 2.00 (deallocations per allocation)

✅ MEMORY CLEAN: All allocations properly freed at Test Complete
/Users/theisen/Projects/tiny-clj/src/tests/unity_test_runner.c:83:test_parse_basic_types:PASS

📊 Memory Statistics:

📊 Memory Statistics:
  ┌─────────────────────────────────────────────────────────┐
  │ Memory Operations                                       │
  ├─────────────────────────────────────────────────────────┤
  │ Allocations:               8                                │
  │ Deallocations:             6                                │
  │ Peak Memory:             128 bytes                          │
  │ Current Memory:           32 bytes                          │
  │ Memory Leaks:              2                                │
  ├─────────────────────────────────────────────────────────┤
  │ CljObject Operations                                    │
  ├─────────────────────────────────────────────────────────┤
  │ Object Creations:          8                                │
  │ Object Destructions:        6                              │
  │ retain() calls:           13                                │
  │ release() calls:          11                                │
  │ autorelease() calls:       5                              │
  └─────────────────────────────────────────────────────────┘

📋 Object Type Breakdown:
  ┌─────────────────────────────────────────────────────────┐
  │ Type                │ Allocations │ Deallocations │ Leaks │
  ├─────────────────────────────────────────────────────────┤
  │ VECTOR             │          0 │            1 │     0 │
  │ WEAK_VECTOR        │          0 │            3 │     0 │
  │ MAP                │          0 │            1 │     0 │
  │ LIST               │          0 │            1 │     0 │
  ├─────────────────────────────────────────────────────────┤
  │ TOTAL              │          8 │            6 │     0 │
  └─────────────────────────────────────────────────────────┘
  📈 Retention Ratio: 1.62 (retain calls per allocation)
  📈 Deallocation Ratio: 0.75 (deallocations per allocation)

🚨 CRITICAL MEMORY LEAK DETECTED!
   ┌─────────────────────────────────────────────────────────┐
   │ LEAK ALERT: 2 allocations not freed!                    │
   │ Current Memory Usage: 32 bytes                         │
   │ Peak Memory Usage: 128 bytes                             │
   └─────────────────────────────────────────────────────────┘
   ⚠️  This indicates potential memory management issues!
   ⚠️  Check for missing RELEASE() calls or incorrect lifecycle management.

🚨 MEMORY LEAK DETECTED at Test Complete:
   ┌─────────────────────────────────────────────────────────┐
   │ LEAK SUMMARY                                            │
   ├─────────────────────────────────────────────────────────┤
   │ Total Leaks:                 2 allocations                    │
   │ Current Memory:             32 bytes                         │
   │ Peak Memory:              128 bytes                         │
   │ Allocations:                 8                               │
   │ Deallocations:               6                               │
   └─────────────────────────────────────────────────────────┘

🔍 LEAK BREAKDOWN BY OBJECT TYPE:
   ┌─────────────────────────────────────────────────────────┐
   │ Type                │ Allocations │ Deallocations │ Leaks │
   ├─────────────────────────────────────────────────────────┤
   ├─────────────────────────────────────────────────────────┤
   │ TOTAL              │          8 │            6 │     0 │
   └─────────────────────────────────────────────────────────┘

⚠️  CRITICAL: 2 memory leaks detected! Objects were not properly freed.
   This indicates potential memory management issues in the code.
   Check for missing RELEASE() calls or incorrect object lifecycle management.

⚠️  Memory Profiler: 2 potential memory leaks detected!
/Users/theisen/Projects/tiny-clj/src/tests/unity_test_runner.c:84:test_parse_collections:PASS

📊 Memory Statistics:

📊 Memory Statistics:
  ┌─────────────────────────────────────────────────────────┐
  │ Memory Operations                                       │
  ├─────────────────────────────────────────────────────────┤
  │ Allocations:               1                                │
  │ Deallocations:             4                                │
  │ Peak Memory:              16 bytes                          │
  │ Current Memory:            0 bytes                          │
  │ Memory Leaks:              0                                │
  ├─────────────────────────────────────────────────────────┤
  │ CljObject Operations                                    │
  ├─────────────────────────────────────────────────────────┤
  │ Object Creations:          1                                │
  │ Object Destructions:        4                              │
  │ retain() calls:            0                                │
  │ release() calls:           4                                │
  │ autorelease() calls:       1                              │
  └─────────────────────────────────────────────────────────┘

📋 Object Type Breakdown:
  ┌─────────────────────────────────────────────────────────┐
  │ Type                │ Allocations │ Deallocations │ Leaks │
  ├─────────────────────────────────────────────────────────┤
  │ INT                │          0 │            1 │     0 │
  │ WEAK_VECTOR        │          0 │            3 │     0 │
  ├─────────────────────────────────────────────────────────┤
  │ TOTAL              │          1 │            4 │     0 │
  └─────────────────────────────────────────────────────────┘
  📈 Retention Ratio: 0.00 (retain calls per allocation)
  📈 Deallocation Ratio: 4.00 (deallocations per allocation)

✅ MEMORY CLEAN: All allocations properly freed at Test Complete
/Users/theisen/Projects/tiny-clj/src/tests/unity_test_runner.c:85:test_parse_comments:PASS

📊 Memory Statistics:

📊 Memory Statistics:
  ┌─────────────────────────────────────────────────────────┐
  │ Memory Operations                                       │
  ├─────────────────────────────────────────────────────────┤
  │ Allocations:               1                                │
  │ Deallocations:             3                                │
  │ Peak Memory:              16 bytes                          │
  │ Current Memory:            0 bytes                          │
  │ Memory Leaks:              0                                │
  ├─────────────────────────────────────────────────────────┤
  │ CljObject Operations                                    │
  ├─────────────────────────────────────────────────────────┤
  │ Object Creations:          1                                │
  │ Object Destructions:        3                              │
  │ retain() calls:            4                                │
  │ release() calls:           5                                │
  │ autorelease() calls:       3                              │
  └─────────────────────────────────────────────────────────┘

📋 Object Type Breakdown:
  ┌─────────────────────────────────────────────────────────┐
  │ Type                │ Allocations │ Deallocations │ Leaks │
  ├─────────────────────────────────────────────────────────┤
  │ WEAK_VECTOR        │          0 │            3 │     0 │
  ├─────────────────────────────────────────────────────────┤
  │ TOTAL              │          1 │            3 │     0 │
  └─────────────────────────────────────────────────────────┘
  📈 Retention Ratio: 4.00 (retain calls per allocation)
  📈 Deallocation Ratio: 3.00 (deallocations per allocation)

✅ MEMORY CLEAN: All allocations properly freed at Test Complete
/Users/theisen/Projects/tiny-clj/src/tests/unity_test_runner.c:86:test_parse_metadata:PASS

📊 Memory Statistics:

📊 Memory Statistics:
  ┌─────────────────────────────────────────────────────────┐
  │ Memory Operations                                       │
  ├─────────────────────────────────────────────────────────┤
  │ Allocations:               0                                │
  │ Deallocations:             3                                │
  │ Peak Memory:               0 bytes                          │
  │ Current Memory:            0 bytes                          │
  │ Memory Leaks:              0                                │
  ├─────────────────────────────────────────────────────────┤
  │ CljObject Operations                                    │
  ├─────────────────────────────────────────────────────────┤
  │ Object Creations:          0                                │
  │ Object Destructions:        3                              │
  │ retain() calls:            0                                │
  │ release() calls:           3                                │
  │ autorelease() calls:       2                              │
  └─────────────────────────────────────────────────────────┘

📋 Object Type Breakdown:
  ┌─────────────────────────────────────────────────────────┐
  │ Type                │ Allocations │ Deallocations │ Leaks │
  ├─────────────────────────────────────────────────────────┤
  │ WEAK_VECTOR        │          0 │            3 │     0 │
  ├─────────────────────────────────────────────────────────┤
  │ TOTAL              │          0 │            3 │     0 │
  └─────────────────────────────────────────────────────────┘

📊 No memory operations detected in this test

✅ MEMORY CLEAN: All allocations properly freed at Test Complete
/Users/theisen/Projects/tiny-clj/src/tests/unity_test_runner.c:87:test_parse_utf8_symbols:PASS

📊 Memory Statistics:

📊 Memory Statistics:
  ┌─────────────────────────────────────────────────────────┐
  │ Memory Operations                                       │
  ├─────────────────────────────────────────────────────────┤
  │ Allocations:               0                                │
  │ Deallocations:             3                                │
  │ Peak Memory:               0 bytes                          │
  │ Current Memory:            0 bytes                          │
  │ Memory Leaks:              0                                │
  ├─────────────────────────────────────────────────────────┤
  │ CljObject Operations                                    │
  ├─────────────────────────────────────────────────────────┤
  │ Object Creations:          0                                │
  │ Object Destructions:        3                              │
  │ retain() calls:            0                                │
  │ release() calls:           3                                │
  │ autorelease() calls:       2                              │
  └─────────────────────────────────────────────────────────┘

📋 Object Type Breakdown:
  ┌─────────────────────────────────────────────────────────┐
  │ Type                │ Allocations │ Deallocations │ Leaks │
  ├─────────────────────────────────────────────────────────┤
  │ WEAK_VECTOR        │          0 │            3 │     0 │
  ├─────────────────────────────────────────────────────────┤
  │ TOTAL              │          0 │            3 │     0 │
  └─────────────────────────────────────────────────────────┘

📊 No memory operations detected in this test

✅ MEMORY CLEAN: All allocations properly freed at Test Complete
/Users/theisen/Projects/tiny-clj/src/tests/unity_test_runner.c:88:test_keyword_evaluation:PASS

📊 Memory Statistics:

📊 Memory Statistics:
  ┌─────────────────────────────────────────────────────────┐
  │ Memory Operations                                       │
  ├─────────────────────────────────────────────────────────┤
  │ Allocations:               4                                │
  │ Deallocations:             5                                │
  │ Peak Memory:              64 bytes                          │
  │ Current Memory:            0 bytes                          │
  │ Memory Leaks:              0                                │
  ├─────────────────────────────────────────────────────────┤
  │ CljObject Operations                                    │
  ├─────────────────────────────────────────────────────────┤
  │ Object Creations:          4                                │
  │ Object Destructions:        5                              │
  │ retain() calls:           12                                │
  │ release() calls:           6                                │
  │ autorelease() calls:       7                              │
  └─────────────────────────────────────────────────────────┘

📋 Object Type Breakdown:
  ┌─────────────────────────────────────────────────────────┐
  │ Type                │ Allocations │ Deallocations │ Leaks │
  ├─────────────────────────────────────────────────────────┤
  │ WEAK_VECTOR        │          0 │            3 │     0 │
  │ MAP                │          0 │            1 │     0 │
  │ LIST               │          0 │            1 │     0 │
  ├─────────────────────────────────────────────────────────┤
  │ TOTAL              │          4 │            5 │     0 │
  └─────────────────────────────────────────────────────────┘
  📈 Retention Ratio: 3.00 (retain calls per allocation)
  📈 Deallocation Ratio: 1.25 (deallocations per allocation)

✅ MEMORY CLEAN: All allocations properly freed at Test Complete
/Users/theisen/Projects/tiny-clj/src/tests/unity_test_runner.c:89:test_keyword_map_access:PASS

📊 Memory Statistics:

📊 Memory Statistics:
  ┌─────────────────────────────────────────────────────────┐
  │ Memory Operations                                       │
  ├─────────────────────────────────────────────────────────┤
  │ Allocations:               4                                │
  │ Deallocations:             5                                │
  │ Peak Memory:              64 bytes                          │
  │ Current Memory:            0 bytes                          │
  │ Memory Leaks:              0                                │
  ├─────────────────────────────────────────────────────────┤
  │ CljObject Operations                                    │
  ├─────────────────────────────────────────────────────────┤
  │ Object Creations:          4                                │
  │ Object Destructions:        5                              │
  │ retain() calls:           12                                │
  │ release() calls:           6                                │
  │ autorelease() calls:       7                              │
  └─────────────────────────────────────────────────────────┘

📋 Object Type Breakdown:
  ┌─────────────────────────────────────────────────────────┐
  │ Type                │ Allocations │ Deallocations │ Leaks │
  ├─────────────────────────────────────────────────────────┤
  │ WEAK_VECTOR        │          0 │            3 │     0 │
  │ MAP                │          0 │            1 │     0 │
  │ LIST               │          0 │            1 │     0 │
  ├─────────────────────────────────────────────────────────┤
  │ TOTAL              │          4 │            5 │     0 │
  └─────────────────────────────────────────────────────────┘
  📈 Retention Ratio: 3.00 (retain calls per allocation)
  📈 Deallocation Ratio: 1.25 (deallocations per allocation)

✅ MEMORY CLEAN: All allocations properly freed at Test Complete
/Users/theisen/Projects/tiny-clj/src/tests/unity_test_runner.c:89:test_keyword_map_access:PASS
